Archive member included to satisfy reference by file (symbol)

C:/ST/STM32CubeIDE_1.19.0/STM32CubeIDE/plugins/com.st.stm32cube.ide.mcu.externaltools.gnu-tools-for-stm32.13.3.rel1.win32_1.0.0.202411081344/tools/bin/../lib/gcc/arm-none-eabi/13.3.1/../../../../arm-none-eabi/lib/thumb/v7e-m/nofp\libc_nano.a(libc_a-exit.o)
                              C:/ST/STM32CubeIDE_1.19.0/STM32CubeIDE/plugins/com.st.stm32cube.ide.mcu.externaltools.gnu-tools-for-stm32.13.3.rel1.win32_1.0.0.202411081344/tools/bin/../lib/gcc/arm-none-eabi/13.3.1/../../../../arm-none-eabi/lib/thumb/v7e-m/nofp/crt0.o (exit)
C:/ST/STM32CubeIDE_1.19.0/STM32CubeIDE/plugins/com.st.stm32cube.ide.mcu.externaltools.gnu-tools-for-stm32.13.3.rel1.win32_1.0.0.202411081344/tools/bin/../lib/gcc/arm-none-eabi/13.3.1/../../../../arm-none-eabi/lib/thumb/v7e-m/nofp\libc_nano.a(libc_a-findfp.o)
                              C:/ST/STM32CubeIDE_1.19.0/STM32CubeIDE/plugins/com.st.stm32cube.ide.mcu.externaltools.gnu-tools-for-stm32.13.3.rel1.win32_1.0.0.202411081344/tools/bin/../lib/gcc/arm-none-eabi/13.3.1/../../../../arm-none-eabi/lib/thumb/v7e-m/nofp\libc_nano.a(libc_a-exit.o) (__stdio_exit_handler)
C:/ST/STM32CubeIDE_1.19.0/STM32CubeIDE/plugins/com.st.stm32cube.ide.mcu.externaltools.gnu-tools-for-stm32.13.3.rel1.win32_1.0.0.202411081344/tools/bin/../lib/gcc/arm-none-eabi/13.3.1/../../../../arm-none-eabi/lib/thumb/v7e-m/nofp\libc_nano.a(libc_a-fwalk.o)
                              C:/ST/STM32CubeIDE_1.19.0/STM32CubeIDE/plugins/com.st.stm32cube.ide.mcu.externaltools.gnu-tools-for-stm32.13.3.rel1.win32_1.0.0.202411081344/tools/bin/../lib/gcc/arm-none-eabi/13.3.1/../../../../arm-none-eabi/lib/thumb/v7e-m/nofp\libc_nano.a(libc_a-findfp.o) (_fwalk_sglue)
C:/ST/STM32CubeIDE_1.19.0/STM32CubeIDE/plugins/com.st.stm32cube.ide.mcu.externaltools.gnu-tools-for-stm32.13.3.rel1.win32_1.0.0.202411081344/tools/bin/../lib/gcc/arm-none-eabi/13.3.1/../../../../arm-none-eabi/lib/thumb/v7e-m/nofp\libc_nano.a(libc_a-printf.o)
                              ./Src/a6_lib.o (printf)
C:/ST/STM32CubeIDE_1.19.0/STM32CubeIDE/plugins/com.st.stm32cube.ide.mcu.externaltools.gnu-tools-for-stm32.13.3.rel1.win32_1.0.0.202411081344/tools/bin/../lib/gcc/arm-none-eabi/13.3.1/../../../../arm-none-eabi/lib/thumb/v7e-m/nofp\libc_nano.a(libc_a-stdio.o)
                              C:/ST/STM32CubeIDE_1.19.0/STM32CubeIDE/plugins/com.st.stm32cube.ide.mcu.externaltools.gnu-tools-for-stm32.13.3.rel1.win32_1.0.0.202411081344/tools/bin/../lib/gcc/arm-none-eabi/13.3.1/../../../../arm-none-eabi/lib/thumb/v7e-m/nofp\libc_nano.a(libc_a-findfp.o) (__sread)
C:/ST/STM32CubeIDE_1.19.0/STM32CubeIDE/plugins/com.st.stm32cube.ide.mcu.externaltools.gnu-tools-for-stm32.13.3.rel1.win32_1.0.0.202411081344/tools/bin/../lib/gcc/arm-none-eabi/13.3.1/../../../../arm-none-eabi/lib/thumb/v7e-m/nofp\libc_nano.a(libc_a-memset.o)
                              C:/ST/STM32CubeIDE_1.19.0/STM32CubeIDE/plugins/com.st.stm32cube.ide.mcu.externaltools.gnu-tools-for-stm32.13.3.rel1.win32_1.0.0.202411081344/tools/bin/../lib/gcc/arm-none-eabi/13.3.1/../../../../arm-none-eabi/lib/thumb/v7e-m/nofp/crt0.o (memset)
C:/ST/STM32CubeIDE_1.19.0/STM32CubeIDE/plugins/com.st.stm32cube.ide.mcu.externaltools.gnu-tools-for-stm32.13.3.rel1.win32_1.0.0.202411081344/tools/bin/../lib/gcc/arm-none-eabi/13.3.1/../../../../arm-none-eabi/lib/thumb/v7e-m/nofp\libc_nano.a(libc_a-strcat.o)
                              ./Src/a6_lib.o (strcat)
C:/ST/STM32CubeIDE_1.19.0/STM32CubeIDE/plugins/com.st.stm32cube.ide.mcu.externaltools.gnu-tools-for-stm32.13.3.rel1.win32_1.0.0.202411081344/tools/bin/../lib/gcc/arm-none-eabi/13.3.1/../../../../arm-none-eabi/lib/thumb/v7e-m/nofp\libc_nano.a(libc_a-strstr.o)
                              ./Src/a6_lib.o (strstr)
C:/ST/STM32CubeIDE_1.19.0/STM32CubeIDE/plugins/com.st.stm32cube.ide.mcu.externaltools.gnu-tools-for-stm32.13.3.rel1.win32_1.0.0.202411081344/tools/bin/../lib/gcc/arm-none-eabi/13.3.1/../../../../arm-none-eabi/lib/thumb/v7e-m/nofp\libc_nano.a(libc_a-closer.o)
                              C:/ST/STM32CubeIDE_1.19.0/STM32CubeIDE/plugins/com.st.stm32cube.ide.mcu.externaltools.gnu-tools-for-stm32.13.3.rel1.win32_1.0.0.202411081344/tools/bin/../lib/gcc/arm-none-eabi/13.3.1/../../../../arm-none-eabi/lib/thumb/v7e-m/nofp\libc_nano.a(libc_a-stdio.o) (_close_r)
C:/ST/STM32CubeIDE_1.19.0/STM32CubeIDE/plugins/com.st.stm32cube.ide.mcu.externaltools.gnu-tools-for-stm32.13.3.rel1.win32_1.0.0.202411081344/tools/bin/../lib/gcc/arm-none-eabi/13.3.1/../../../../arm-none-eabi/lib/thumb/v7e-m/nofp\libc_nano.a(libc_a-reent.o)
                              C:/ST/STM32CubeIDE_1.19.0/STM32CubeIDE/plugins/com.st.stm32cube.ide.mcu.externaltools.gnu-tools-for-stm32.13.3.rel1.win32_1.0.0.202411081344/tools/bin/../lib/gcc/arm-none-eabi/13.3.1/../../../../arm-none-eabi/lib/thumb/v7e-m/nofp\libc_nano.a(libc_a-closer.o) (errno)
[...]
Memory Configuration

Name             Origin             Length             Attributes
RAM              0x20000000         0x00018000         xrw
FLASH            0x08000000         0x00080000         xr
*default*        0x00000000         0xffffffff

Linker script and memory map

LOAD C:/ST/STM32CubeIDE_1.19.0/STM32CubeIDE/plugins/com.st.stm32cube.ide.mcu.externaltools.gnu-tools-for-stm32.13.3.rel1.win32_1.0.0.202411081344/tools/bin/../lib/gcc/arm-none-eabi/13.3.1/thumb/v7e-m/nofp/crti.o
LOAD C:/ST/STM32CubeIDE_1.19.0/STM32CubeIDE/plugins/com.st.stm32cube.ide.mcu.externaltools.gnu-tools-for-stm32.13.3.rel1.win32_1.0.0.202411081344/tools/bin/../lib/gcc/arm-none-eabi/13.3.1/thumb/v7e-m/nofp/crtbegin.o
LOAD C:/ST/STM32CubeIDE_1.19.0/STM32CubeIDE/plugins/com.st.stm32cube.ide.mcu.externaltools.gnu-tools-for-stm32.13.3.rel1.win32_1.0.0.202411081344/tools/bin/../lib/gcc/arm-none-eabi/13.3.1/../../../../arm-none-eabi/lib/thumb/v7e-m/nofp/crt0.o
LOAD ./Src/a6_driver.o
LOAD ./Src/a6_lib.o
LOAD ./Src/fifo.o
LOAD ./Src/hardware_modules.o
LOAD ./Src/main.o
LOAD ./Src/syscalls.o
LOAD ./Src/sysmem.o
LOAD ./Startup/startup_stm32f401retx.o
START GROUP
LOAD C:/ST/STM32CubeIDE_1.19.0/STM32CubeIDE/plugins/com.st.stm32cube.ide.mcu.externaltools.gnu-tools-for-stm32.13.3.rel1.win32_1.0.0.202411081344/tools/bin/../lib/gcc/arm-none-eabi/13.3.1/../../../../arm-none-eabi/lib/thumb/v7e-m/nofp\libc_nano.a
LOAD C:/ST/STM32CubeIDE_1.19.0/STM32CubeIDE/plugins/com.st.stm32cube.ide.mcu.externaltools.gnu-tools-for-stm32.13.3.rel1.win32_1.0.0.202411081344/tools/bin/../lib/gcc/arm-none-eabi/13.3.1/../../../../arm-none-eabi/lib/thumb/v7e-m/nofp\libm.a
END GROUP
START GROUP
LOAD C:/ST/STM32CubeIDE_1.19.0/STM32CubeIDE/plugins/com.st.stm32cube.ide.mcu.externaltools.gnu-tools-for-stm32.13.3.rel1.win32_1.0.0.202411081344/tools/bin/../lib/gcc/arm-none-eabi/13.3.1/thumb/v7e-m/nofp\libgcc.a
LOAD C:/ST/STM32CubeIDE_1.19.0/STM32CubeIDE/plugins/com.st.stm32cube.ide.mcu.externaltools.gnu-tools-for-stm32.13.3.rel1.win32_1.0.0.202411081344/tools/bin/../lib/gcc/arm-none-eabi/13.3.1/../../../../arm-none-eabi/lib/thumb/v7e-m/nofp\libc_nano.a
END GROUP
START GROUP
LOAD C:/ST/STM32CubeIDE_1.19.0/STM32CubeIDE/plugins/com.st.stm32cube.ide.mcu.externaltools.gnu-tools-for-stm32.13.3.rel1.win32_1.0.0.202411081344/tools/bin/../lib/gcc/arm-none-eabi/13.3.1/thumb/v7e-m/nofp\libgcc.a
LOAD C:/ST/STM32CubeIDE_1.19.0/STM32CubeIDE/plugins/com.st.stm32cube.ide.mcu.externaltools.gnu-tools-for-stm32.13.3.rel1.win32_1.0.0.202411081344/tools/bin/../lib/gcc/arm-none-eabi/13.3.1/../../../../arm-none-eabi/lib/thumb/v7e-m/nofp\libc_nano.a
LOAD C:/ST/STM32CubeIDE_1.19.0/STM32CubeIDE/plugins/com.st.stm32cube.ide.mcu.externaltools.gnu-tools-for-stm32.13.3.rel1.win32_1.0.0.202411081344/tools/bin/../lib/gcc/arm-none-eabi/13.3.1/../../../../arm-none-eabi/lib/thumb/v7e-m/nofp\libnosys.a
END GROUP
START GROUP
LOAD C:/ST/STM32CubeIDE_1.19.0/STM32CubeIDE/plugins/com.st.stm32cube.ide.mcu.externaltools.gnu-tools-for-stm32.13.3.rel1.win32_1.0.0.202411081344/tools/bin/../lib/gcc/arm-none-eabi/13.3.1/thumb/v7e-m/nofp\libgcc.a
LOAD C:/ST/STM32CubeIDE_1.19.0/STM32CubeIDE/plugins/com.st.stm32cube.ide.mcu.externaltools.gnu-tools-for-stm32.13.3.rel1.win32_1.0.0.202411081344/tools/bin/../lib/gcc/arm-none-eabi/13.3.1/../../../../arm-none-eabi/lib/thumb/v7e-m/nofp\libc_nano.a
LOAD C:/ST/STM32CubeIDE_1.19.0/STM32CubeIDE/plugins/com.st.stm32cube.ide.mcu.externaltools.gnu-tools-for-stm32.13.3.rel1.win32_1.0.0.202411081344/tools/bin/../lib/gcc/arm-none-eabi/13.3.1/../../../../arm-none-eabi/lib/thumb/v7e-m/nofp\libnosys.a
END GROUP
LOAD C:/ST/STM32CubeIDE_1.19.0/STM32CubeIDE/plugins/com.st.stm32cube.ide.mcu.externaltools.gnu-tools-for-stm32.13.3.rel1.win32_1.0.0.202411081344/tools/bin/../lib/gcc/arm-none-eabi/13.3.1/thumb/v7e-m/nofp/crtend.o
LOAD C:/ST/STM32CubeIDE_1.19.0/STM32CubeIDE/plugins/com.st.stm32cube.ide.mcu.externaltools.gnu-tools-for-stm32.13.3.rel1.win32_1.0.0.202411081344/tools/bin/../lib/gcc/arm-none-eabi/13.3.1/thumb/v7e-m/nofp/crtn.o
                0x20018000                        _estack = (ORIGIN (RAM) + LENGTH (RAM))
                0x00000200                        _Min_Heap_Size = 0x200
                0x00000400                        _Min_Stack_Size = 0x400

.isr_vector     0x08000000      0x194
                0x08000000                        . = ALIGN (0x4)
 *(.isr_vector)
 .isr_vector    0x08000000      0x194 ./Startup/startup_stm32f401retx.o
                0x08000000                g_pfnVectors
                0x08000194                        . = ALIGN (0x4)

.text           0x08000194      0x3e0
                0x08000194                        . = ALIGN (0x4)
 *(.text)
 .text          0x08000194       0x40 C:/ST/STM32CubeIDE_1.19.0/STM32CubeIDE/plugins/com.st.stm32cube.ide.mcu.externaltools.gnu-tools-for-stm32.13.3.rel1.win32_1.0.0.202411081344/tools/bin/../lib/gcc/arm-none-eabi/13.3.1/thumb/v7e-m/nofp/crtbegin.o
 *(.text*)
 .text.systick_delay_ms
                0x080001d4       0x54 ./Src/a6_driver.o
                0x080001d4                systick_delay_ms
 .text.cpy_to_uart
                0x08000228       0x38 ./Src/a6_lib.o
 .text.uart_output_char
                0x08000260       0x26 ./Src/a6_lib.o
 .text.to_lower
                0x08000286       0x2a ./Src/a6_lib.o
 .text.search_check
                0x080002b0       0x6c ./Src/a6_lib.o
 .text.a6_process_data
                0x0800031c       0x4c ./Src/a6_lib.o
 .text.USART1_IRQHandler
                0x08000368        0xc ./Src/a6_lib.o
                0x08000368                USART1_IRQHandler
 .text.tx_fifo_put
                0x08000374       0x50 ./Src/fifo.o
                0x08000374                tx_fifo_put
 .text.tx_fifo_get
                0x080003c4       0x4c ./Src/fifo.o
                0x080003c4                tx_fifo_get
 .text.tx_fifo_size
                0x08000410       0x24 ./Src/fifo.o
                0x08000410                tx_fifo_size
 .text.light_init
                0x08000434       0x38 ./Src/hardware_modules.o
                0x08000434                light_init
 .text.light_on
                0x0800046c       0x1c ./Src/hardware_modules.o
                0x0800046c                light_on
 .text.light_off
                0x08000488       0x1c ./Src/hardware_modules.o
                0x08000488                light_off
 .text.main     0x080004a4       0x1c ./Src/main.o
                0x080004a4                main
 .text.Reset_Handler
                0x080004c0       0x50 ./Startup/startup_stm32f401retx.o
                0x080004c0                Reset_Handler
 .text.Default_Handler
                0x08000510        0x2 ./Startup/startup_stm32f401retx.o
                0x08000510                EXTI2_IRQHandler
                0x08000510                DebugMon_Handler
                0x08000510                SPI4_IRQHandler
                0x08000510                TIM1_CC_IRQHandler
                0x08000510                DMA2_Stream5_IRQHandler
                0x08000510                HardFault_Handler
                0x08000510                DMA1_Stream5_IRQHandler
                0x08000510                SysTick_Handler
                0x08000510                SDIO_IRQHandler
                0x08000510                TAMP_STAMP_IRQHandler
                0x08000510                PendSV_Handler
                0x08000510                NMI_Handler
                0x08000510                EXTI3_IRQHandler
                0x08000510                TIM1_UP_TIM10_IRQHandler
                0x08000510                I2C3_ER_IRQHandler
                0x08000510                EXTI18_OTG_FS_WKUP_IRQHandler
                0x08000510                EXTI0_IRQHandler
                0x08000510                I2C2_EV_IRQHandler
                0x08000510                DMA1_Stream2_IRQHandler
                0x08000510                UsageFault_Handler
                0x08000510                DMA2_Stream2_IRQHandler
                0x08000510                SPI1_IRQHandler
                0x08000510                TIM1_BRK_TIM9_IRQHandler
                0x08000510                DMA2_Stream3_IRQHandler
                0x08000510                USART6_IRQHandler
                0x08000510                DMA2_Stream0_IRQHandler
                0x08000510                TIM4_IRQHandler
                0x08000510                I2C1_EV_IRQHandler
                0x08000510                DMA1_Stream6_IRQHandler
                0x08000510                DMA1_Stream1_IRQHandler
                0x08000510                TIM3_IRQHandler
                0x08000510                RCC_IRQHandler
                0x08000510                Default_Handler
                0x08000510                EXTI15_10_IRQHandler
                0x08000510                ADC_IRQHandler
                0x08000510                DMA1_Stream7_IRQHandler
                0x08000510                TIM5_IRQHandler
                0x08000510                DMA2_Stream7_IRQHandler
                0x08000510                I2C3_EV_IRQHandler
                0x08000510                EXTI9_5_IRQHandler
                0x08000510                SPI2_IRQHandler
                0x08000510                MemManage_Handler
                0x08000510                DMA1_Stream0_IRQHandler
                0x08000510                SVC_Handler
                0x08000510                EXTI4_IRQHandler
                0x08000510                EXTI22_RTC_WKUP_IRQHandler
                0x08000510                TIM2_IRQHandler
                0x08000510                EXTI16_PVD_IRQHandler
                0x08000510                TIM1_TRG_COM_TIM11_IRQHandler
                0x08000510                EXTI1_IRQHandler
                0x08000510                EXTI17_RTC_Alarm_IRQHandler
                0x08000510                USART2_IRQHandler
                0x08000510                I2C2_ER_IRQHandler
                0x08000510                DMA2_Stream1_IRQHandler
                0x08000510                FLASH_IRQHandler
                0x08000510                DMA2_Stream4_IRQHandler
                0x08000510                BusFault_Handler
                0x08000510                OTG_FS_IRQHandler
                0x08000510                SPI3_IRQHandler
                0x08000510                DMA1_Stream4_IRQHandler
                0x08000510                I2C1_ER_IRQHandler
                0x08000510                DMA2_Stream6_IRQHandler
                0x08000510                DMA1_Stream3_IRQHandler
 *fill*         0x08000512        0x2 
 .text.__libc_init_array
                0x08000514       0x48 C:/ST/STM32CubeIDE_1.19.0/STM32CubeIDE/plugins/com.st.stm32cube.ide.mcu.externaltools.gnu-tools-for-stm32.13.3.rel1.win32_1.0.0.202411081344/tools/bin/../lib/gcc/arm-none-eabi/13.3.1/../../../../arm-none-eabi/lib/thumb/v7e-m/nofp\libc_nano.a(libc_a-init.o)
                0x08000514                __libc_init_array
 *(.glue_7)
 .glue_7        0x0800055c        0x0 linker stubs
 *(.glue_7t)
 .glue_7t       0x0800055c        0x0 linker stubs
 *(.eh_frame)
 .eh_frame      0x0800055c        0x0 C:/ST/STM32CubeIDE_1.19.0/STM32CubeIDE/plugins/com.st.stm32cube.ide.mcu.externaltools.gnu-tools-for-stm32.13.3.rel1.win32_1.0.0.202411081344/tools/bin/../lib/gcc/arm-none-eabi/13.3.1/thumb/v7e-m/nofp/crtbegin.o
 *(.init)
 .init          0x0800055c        0x4 C:/ST/STM32CubeIDE_1.19.0/STM32CubeIDE/plugins/com.st.stm32cube.ide.mcu.externaltools.gnu-tools-for-stm32.13.3.rel1.win32_1.0.0.202411081344/tools/bin/../lib/gcc/arm-none-eabi/13.3.1/thumb/v7e-m/nofp/crti.o
                0x0800055c                _init
 .init          0x08000560        0x8 C:/ST/STM32CubeIDE_1.19.0/STM32CubeIDE/plugins/com.st.stm32cube.ide.mcu.externaltools.gnu-tools-for-stm32.13.3.rel1.win32_1.0.0.202411081344/tools/bin/../lib/gcc/arm-none-eabi/13.3.1/thumb/v7e-m/nofp/crtn.o
 *(.fini)
 .fini          0x08000568        0x4 C:/ST/STM32CubeIDE_1.19.0/STM32CubeIDE/plugins/com.st.stm32cube.ide.mcu.externaltools.gnu-tools-for-stm32.13.3.rel1.win32_1.0.0.202411081344/tools/bin/../lib/gcc/arm-none-eabi/13.3.1/thumb/v7e-m/nofp/crti.o
                0x08000568                _fini
 .fini          0x0800056c        0x8 C:/ST/STM32CubeIDE_1.19.0/STM32CubeIDE/plugins/com.st.stm32cube.ide.mcu.externaltools.gnu-tools-for-stm32.13.3.rel1.win32_1.0.0.202411081344/tools/bin/../lib/gcc/arm-none-eabi/13.3.1/thumb/v7e-m/nofp/crtn.o
                0x08000574                        . = ALIGN (0x4)
                0x08000574                        _etext = .

.vfp11_veneer   0x08000574        0x0
 .vfp11_veneer  0x08000574        0x0 linker stubs

.v4_bx          0x08000574        0x0
 .v4_bx         0x08000574        0x0 linker stubs

.iplt           0x08000574        0x0
 .iplt          0x08000574        0x0 C:/ST/STM32CubeIDE_1.19.0/STM32CubeIDE/plugins/com.st.stm32cube.ide.mcu.externaltools.gnu-tools-for-stm32.13.3.rel1.win32_1.0.0.202411081344/tools/bin/../lib/gcc/arm-none-eabi/13.3.1/thumb/v7e-m/nofp/crtbegin.o

.rodata         0x08000574        0x0
                0x08000574                        . = ALIGN (0x4)
 *(.rodata)
 *(.rodata*)
                0x08000574                        . = ALIGN (0x4)

.ARM.extab      0x08000574        0x0
                0x08000574                        . = ALIGN (0x4)
 *(.ARM.extab* .gnu.linkonce.armextab.*)
                0x08000574                        . = ALIGN (0x4)

.ARM            0x08000574        0x0
                0x08000574                        . = ALIGN (0x4)
                0x08000574                        __exidx_start = .
 *(.ARM.exidx*)
                0x08000574                        __exidx_end = .
                0x08000574                        . = ALIGN (0x4)

.preinit_array  0x08000574        0x0
                0x08000574                        . = ALIGN (0x4)
                0x08000574                        PROVIDE (__preinit_array_start = .)
 *(.preinit_array*)
                0x08000574                        PROVIDE (__preinit_array_end = .)
                0x08000574                        . = ALIGN (0x4)

.init_array     0x08000574        0x4
                0x08000574                        . = ALIGN (0x4)
                0x08000574                        PROVIDE (__init_array_start = .)
 *(SORT_BY_NAME(.init_array.*))
 *(.init_array*)
 .init_array    0x08000574        0x4 C:/ST/STM32CubeIDE_1.19.0/STM32CubeIDE/plugins/com.st.stm32cube.ide.mcu.externaltools.gnu-tools-for-stm32.13.3.rel1.win32_1.0.0.202411081344/tools/bin/../lib/gcc/arm-none-eabi/13.3.1/thumb/v7e-m/nofp/crtbegin.o
                0x08000578                        PROVIDE (__init_array_end = .)
                0x08000578                        . = ALIGN (0x4)

.fini_array     0x08000578        0x4
                0x08000578                        . = ALIGN (0x4)
                [!provide]                        PROVIDE (__fini_array_start = .)
 *(SORT_BY_NAME(.fini_array.*))
 *(.fini_array*)
 .fini_array    0x08000578        0x4 C:/ST/STM32CubeIDE_1.19.0/STM32CubeIDE/plugins/com.st.stm32cube.ide.mcu.externaltools.gnu-tools-for-stm32.13.3.rel1.win32_1.0.0.202411081344/tools/bin/../lib/gcc/arm-none-eabi/13.3.1/thumb/v7e-m/nofp/crtbegin.o
                [!provide]                        PROVIDE (__fini_array_end = .)
                0x0800057c                        . = ALIGN (0x4)
                0x0800057c                        _sidata = LOADADDR (.data)

.rel.dyn        0x0800057c        0x0
 .rel.iplt      0x0800057c        0x0 C:/ST/STM32CubeIDE_1.19.0/STM32CubeIDE/plugins/com.st.stm32cube.ide.mcu.externaltools.gnu-tools-for-stm32.13.3.rel1.win32_1.0.0.202411081344/tools/bin/../lib/gcc/arm-none-eabi/13.3.1/thumb/v7e-m/nofp/crtbegin.o

.data           0x20000000        0x0 load address 0x0800057c
                0x20000000                        . = ALIGN (0x4)
                0x20000000                        _sdata = .
 *(.data)
 *(.data*)
 *(.RamFunc)
 *(.RamFunc*)
                0x20000000                        . = ALIGN (0x4)
                0x20000000                        _edata = .

.igot.plt       0x20000000        0x0 load address 0x0800057c
 .igot.plt      0x20000000        0x0 C:/ST/STM32CubeIDE_1.19.0/STM32CubeIDE/plugins/com.st.stm32cube.ide.mcu.externaltools.gnu-tools-for-stm32.13.3.rel1.win32_1.0.0.202411081344/tools/bin/../lib/gcc/arm-none-eabi/13.3.1/thumb/v7e-m/nofp/crtbegin.o
                0x20000000                        . = ALIGN (0x4)

.bss            0x20000000      0x57c load address 0x0800057c
                0x20000000                        _sbss = .
                0x20000000                        __bss_start__ = _sbss
 *(.bss)
 .bss           0x20000000       0x1c C:/ST/STM32CubeIDE_1.19.0/STM32CubeIDE/plugins/com.st.stm32cube.ide.mcu.externaltools.gnu-tools-for-stm32.13.3.rel1.win32_1.0.0.202411081344/tools/bin/../lib/gcc/arm-none-eabi/13.3.1/thumb/v7e-m/nofp/crtbegin.o
 *(.bss*)
 .bss.itr       0x2000001c        0x4 ./Src/a6_lib.o
                0x2000001c                itr
 .bss.temp_buffer
                0x20000020      0x12c ./Src/a6_lib.o
                0x20000020                temp_buffer
 .bss.sub_str   0x2000014c       0x20 ./Src/a6_lib.o
                0x2000014c                sub_str
 .bss.searching
                0x2000016c        0x1 ./Src/a6_lib.o
                0x2000016c                searching
 .bss.is_response
                0x2000016d        0x1 ./Src/a6_lib.o
                0x2000016d                is_response
 *fill*         0x2000016e        0x2 
 .bss.search_idx
                0x20000170        0x4 ./Src/a6_lib.o
                0x20000170                search_idx
 .bss.TX_FIFO   0x20000174      0x400 ./Src/fifo.o
 .bss.tx_put_itr
                0x20000574        0x4 ./Src/fifo.o
                0x20000574                tx_put_itr
 .bss.tx_get_itr
                0x20000578        0x4 ./Src/fifo.o
                0x20000578                tx_get_itr
 *(COMMON)
                0x2000057c                        . = ALIGN (0x4)
                0x2000057c                        _ebss = .
                0x2000057c                        __bss_end__ = _ebss

._user_heap_stack
                0x2000057c      0x604 load address 0x0800057c
                0x20000580                        . = ALIGN (0x8)
 *fill*         0x2000057c        0x4 
                [!provide]                        PROVIDE (end = .)
                0x20000580                        PROVIDE (_end = .)
                0x20000780                        . = (. + _Min_Heap_Size)
 *fill*         0x20000580      0x200 
                0x20000b80                        . = (. + _Min_Stack_Size)
 *fill*         0x20000780      0x400 
                0x20000b80                        . = ALIGN (0x8)

/DISCARD/
 libc.a(*)
 libm.a(*)
 libgcc.a(*)

.ARM.attributes
                0x00000000       0x2a
 *(.ARM.attributes)
 .ARM.attributes
                0x00000000       0x1e C:/ST/STM32CubeIDE_1.19.0/STM32CubeIDE/plugins/com.st.stm32cube.ide.mcu.externaltools.gnu-tools-for-stm32.13.3.rel1.win32_1.0.0.202411081344/tools/bin/../lib/gcc/arm-none-eabi/13.3.1/thumb/v7e-m/nofp/crti.o
 .ARM.attributes
                0x0000001e       0x2e C:/ST/STM32CubeIDE_1.19.0/STM32CubeIDE/plugins/com.st.stm32cube.ide.mcu.externaltools.gnu-tools-for-stm32.13.3.rel1.win32_1.0.0.202411081344/tools/bin/../lib/gcc/arm-none-eabi/13.3.1/thumb/v7e-m/nofp/crtbegin.o
 .ARM.attributes
                0x0000004c       0x2e ./Src/a6_driver.o
 .ARM.attributes
                0x0000007a       0x2e ./Src/a6_lib.o
 .ARM.attributes
                0x000000a8       0x2e ./Src/fifo.o
 .ARM.attributes
                0x000000d6       0x2e ./Src/hardware_modules.o
 .ARM.attributes
                0x00000104       0x2e ./Src/main.o
 .ARM.attributes
                0x00000132       0x21 ./Startup/startup_stm32f401retx.o
 .ARM.attributes
                0x00000153       0x2e C:/ST/STM32CubeIDE_1.19.0/STM32CubeIDE/plugins/com.st.stm32cube.ide.mcu.externaltools.gnu-tools-for-stm32.13.3.rel1.win32_1.0.0.202411081344/tools/bin/../lib/gcc/arm-none-eabi/13.3.1/../../../../arm-none-eabi/lib/thumb/v7e-m/nofp\libc_nano.a(libc_a-init.o)
 .ARM.attributes
                0x00000181       0x1e C:/ST/STM32CubeIDE_1.19.0/STM32CubeIDE/plugins/com.st.stm32cube.ide.mcu.externaltools.gnu-tools-for-stm32.13.3.rel1.win32_1.0.0.202411081344/tools/bin/../lib/gcc/arm-none-eabi/13.3.1/thumb/v7e-m/nofp/crtn.o
OUTPUT(99_A6_lib_hardwaremodules.elf elf32-littlearm)
LOAD linker stubs
LOAD C:/ST/STM32CubeIDE_1.19.0/STM32CubeIDE/plugins/com.st.stm32cube.ide.mcu.externaltools.gnu-tools-for-stm32.13.3.rel1.win32_1.0.0.202411081344/tools/bin/../lib/gcc/arm-none-eabi/13.3.1/../../../../arm-none-eabi/lib/thumb/v7e-m/nofp\libc.a
LOAD C:/ST/STM32CubeIDE_1.19.0/STM32CubeIDE/plugins/com.st.stm32cube.ide.mcu.externaltools.gnu-tools-for-stm32.13.3.rel1.win32_1.0.0.202411081344/tools/bin/../lib/gcc/arm-none-eabi/13.3.1/../../../../arm-none-eabi/lib/thumb/v7e-m/nofp\libm.a
LOAD C:/ST/STM32CubeIDE_1.19.0/STM32CubeIDE/plugins/com.st.stm32cube.ide.mcu.externaltools.gnu-tools-for-stm32.13.3.rel1.win32_1.0.0.202411081344/tools/bin/../lib/gcc/arm-none-eabi/13.3.1/thumb/v7e-m/nofp\libgcc.a

.debug_info     0x00000000     0x1532
 .debug_info    0x00000000      0x514 ./Src/a6_driver.o
 .debug_info    0x00000514      0x9e6 ./Src/a6_lib.o
 .debug_info    0x00000efa      0x231 ./Src/fifo.o
 .debug_info    0x0000112b      0x306 ./Src/hardware_modules.o
 .debug_info    0x00001431       0xd1 ./Src/main.o
 .debug_info    0x00001502       0x30 ./Startup/startup_stm32f401retx.o

.debug_abbrev   0x00000000      0x6ed
 .debug_abbrev  0x00000000      0x149 ./Src/a6_driver.o
 .debug_abbrev  0x00000149      0x351 ./Src/a6_lib.o
 .debug_abbrev  0x0000049a       0xf1 ./Src/fifo.o
 .debug_abbrev  0x0000058b       0xb7 ./Src/hardware_modules.o
 .debug_abbrev  0x00000642       0x87 ./Src/main.o
 .debug_abbrev  0x000006c9       0x24 ./Startup/startup_stm32f401retx.o

.debug_aranges  0x00000000      0x1e0
 .debug_aranges
                0x00000000       0x50 ./Src/a6_driver.o
 .debug_aranges
                0x00000050       0xc0 ./Src/a6_lib.o
 .debug_aranges
                0x00000110       0x58 ./Src/fifo.o
 .debug_aranges
                0x00000168       0x30 ./Src/hardware_modules.o
 .debug_aranges
                0x00000198       0x20 ./Src/main.o
 .debug_aranges
                0x000001b8       0x28 ./Startup/startup_stm32f401retx.o

.debug_rnglists
                0x00000000      0x14d
 .debug_rnglists
                0x00000000       0x39 ./Src/a6_driver.o
 .debug_rnglists
                0x00000039       0x8c ./Src/a6_lib.o
 .debug_rnglists
                0x000000c5       0x3d ./Src/fifo.o
 .debug_rnglists
                0x00000102       0x1f ./Src/hardware_modules.o
 .debug_rnglists
                0x00000121       0x13 ./Src/main.o
 .debug_rnglists
                0x00000134       0x19 ./Startup/startup_stm32f401retx.o

.debug_macro    0x00000000     0xeee6
 .debug_macro   0x00000000      0x209 ./Src/a6_driver.o
 .debug_macro   0x00000209      0xade ./Src/a6_driver.o
 .debug_macro   0x00000ce7       0x22 ./Src/a6_driver.o
 .debug_macro   0x00000d09       0x8e ./Src/a6_driver.o
 .debug_macro   0x00000d97       0x51 ./Src/a6_driver.o
 .debug_macro   0x00000de8      0x103 ./Src/a6_driver.o
 .debug_macro   0x00000eeb       0x6a ./Src/a6_driver.o
 .debug_macro   0x00000f55      0x1df ./Src/a6_driver.o
 .debug_macro   0x00001134       0x61 ./Src/a6_driver.o
 .debug_macro   0x00001195       0x24 ./Src/a6_driver.o
 .debug_macro   0x000011b9       0x43 ./Src/a6_driver.o
 .debug_macro   0x000011fc       0x34 ./Src/a6_driver.o
 .debug_macro   0x00001230       0x16 ./Src/a6_driver.o
 .debug_macro   0x00001246       0x9e ./Src/a6_driver.o
 .debug_macro   0x000012e4      0x370 ./Src/a6_driver.o
 .debug_macro   0x00001654      0x112 ./Src/a6_driver.o
 .debug_macro   0x00001766       0x10 ./Src/a6_driver.o
 .debug_macro   0x00001776       0x16 ./Src/a6_driver.o
 .debug_macro   0x0000178c       0x4a ./Src/a6_driver.o
 .debug_macro   0x000017d6       0x34 ./Src/a6_driver.o
 .debug_macro   0x0000180a       0x10 ./Src/a6_driver.o
 .debug_macro   0x0000181a       0x58 ./Src/a6_driver.o
 .debug_macro   0x00001872       0x8e ./Src/a6_driver.o
 .debug_macro   0x00001900       0x1c ./Src/a6_driver.o
 .debug_macro   0x0000191c      0x185 ./Src/a6_driver.o
 .debug_macro   0x00001aa1       0x16 ./Src/a6_driver.o
 .debug_macro   0x00001ab7       0x16 ./Src/a6_driver.o
 .debug_macro   0x00001acd      0x146 ./Src/a6_driver.o
 .debug_macro   0x00001c13       0x28 ./Src/a6_driver.o
 .debug_macro   0x00001c3b       0x28 ./Src/a6_driver.o
 .debug_macro   0x00001c63       0x1c ./Src/a6_driver.o
 .debug_macro   0x00001c7f       0x22 ./Src/a6_driver.o
 .debug_macro   0x00001ca1       0xfb ./Src/a6_driver.o
 .debug_macro   0x00001d9c     0x1011 ./Src/a6_driver.o
 .debug_macro   0x00002dad      0x11f ./Src/a6_driver.o
 .debug_macro   0x00002ecc     0xb86c ./Src/a6_driver.o
 .debug_macro   0x0000e738       0x6d ./Src/a6_driver.o
 .debug_macro   0x0000e7a5      0x252 ./Src/a6_lib.o
 .debug_macro   0x0000e9f7       0x34 ./Src/a6_lib.o
 .debug_macro   0x0000ea2b       0x16 ./Src/a6_lib.o
 .debug_macro   0x0000ea41       0x3c ./Src/a6_lib.o
 .debug_macro   0x0000ea7d       0x16 ./Src/a6_lib.o
 .debug_macro   0x0000ea93       0x29 ./Src/a6_lib.o
 .debug_macro   0x0000eabc       0x16 ./Src/a6_lib.o
 .debug_macro   0x0000ead2       0x20 ./Src/a6_lib.o
 .debug_macro   0x0000eaf2       0x22 ./Src/a6_lib.o
 .debug_macro   0x0000eb14       0x16 ./Src/a6_lib.o
 .debug_macro   0x0000eb2a       0x72 ./Src/fifo.o
 .debug_macro   0x0000eb9c       0x2e ./Src/fifo.o
 .debug_macro   0x0000ebca       0xd8 ./Src/hardware_modules.o
 .debug_macro   0x0000eca2      0x244 ./Src/main.o

.debug_line     0x00000000     0x26af
 .debug_line    0x00000000      0x8cb ./Src/a6_driver.o
 .debug_line    0x000008cb      0xb4a ./Src/a6_lib.o
 .debug_line    0x00001415      0x510 ./Src/fifo.o
 .debug_line    0x00001925      0x5b9 ./Src/hardware_modules.o
 .debug_line    0x00001ede      0x756 ./Src/main.o
 .debug_line    0x00002634       0x7b ./Startup/startup_stm32f401retx.o

.debug_str      0x00000000    0x53d75
 .debug_str     0x00000000    0x53d75 ./Src/a6_driver.o
                              0x535e5 (size before relaxing)
 .debug_str     0x00053d75    0x53bf6 ./Src/a6_lib.o
 .debug_str     0x00053d75     0x3ee2 ./Src/fifo.o
 .debug_str     0x00053d75    0x4f919 ./Src/hardware_modules.o
 .debug_str     0x00053d75    0x5353e ./Src/main.o
 .debug_str     0x00053d75       0x8d ./Startup/startup_stm32f401retx.o

.comment        0x00000000       0x43
 .comment       0x00000000       0x43 ./Src/a6_driver.o
                                 0x44 (size before relaxing)
 .comment       0x00000043       0x44 ./Src/a6_lib.o
 .comment       0x00000043       0x44 ./Src/fifo.o
 .comment       0x00000043       0x44 ./Src/hardware_modules.o
 .comment       0x00000043       0x44 ./Src/main.o

.debug_frame    0x00000000      0x60c
 .debug_frame   0x00000000      0x10c ./Src/a6_driver.o
 .debug_frame   0x0000010c      0x308 ./Src/a6_lib.o
 .debug_frame   0x00000414      0x130 ./Src/fifo.o
 .debug_frame   0x00000544       0x70 ./Src/hardware_modules.o
 .debug_frame   0x000005b4       0x2c ./Src/main.o
 .debug_frame   0x000005e0       0x2c C:/ST/STM32CubeIDE_1.19.0/STM32CubeIDE/plugins/com.st.stm32cube.ide.mcu.externaltools.gnu-tools-for-stm32.13.3.rel1.win32_1.0.0.202411081344/tools/bin/../lib/gcc/arm-none-eabi/13.3.1/../../../../arm-none-eabi/lib/thumb/v7e-m/nofp\libc_nano.a(libc_a-init.o)

.debug_line_str
                0x00000000       0x71
 .debug_line_str
                0x00000000       0x71 ./Startup/startup_stm32f401retx.o
