C:/Users/Flow/Desktop/A6_GSMGPRS/Workspace_A6/0_A6_driver_1/chip_headers/CMSIS/Include/core_cm4.h:1684:22:__NVIC_EnableIRQ	16	static,ignoring_inline_asm
../Src/a6_lib.c:40:6:a6_module_init	8	static
../Src/a6_lib.c:75:9:a6_set_sms_format_to_text	16	static
../Src/a6_lib.c:101:6:a6_send_msg	72	static
../Src/a6_lib.c:152:16:a6_startup_test	16	static
../Src/a6_lib.c:176:16:a6_signal_quality	16	static
../Src/a6_lib.c:202:9:a6_is_sms	16	static
../Src/a6_lib.c:227:6:get_raw_sms	16	static
../Src/a6_lib.c:243:6:get_sms_msg	16	static
../Src/a6_lib.c:259:6:get_sender_number	16	static
../Src/a6_lib.c:276:16:a6_network_reg	16	static
../Src/a6_lib.c:300:16:a6_module_name	16	static
../Src/a6_lib.c:328:13:cpy_to_uart	16	static
../Src/a6_lib.c:346:13:uart_output_char	16	static
../Src/a6_lib.c:357:13:to_lower	16	static
../Src/a6_lib.c:369:13:wait_reasponse	16	static
../Src/a6_lib.c:379:13:search_check	24	static
../Src/a6_lib.c:401:13:flush_buffer	16	static
../Src/a6_lib.c:412:13:a6_process_data	16	static
../Src/a6_lib.c:432:13:a6_send_cmd	24	static
../Src/a6_lib.c:446:6:USART1_IRQHandler	8	static
